// Jest Snapshot v1, https://goo.gl/fbAQLP

exports[`renders correclty 1`] = `
<div
  className="orders-container"
>
  <h1
    className="heading heading-1"
  >
    Orders
  </h1>
  <div
    className="orders-content"
  >
    <div
      className="orders-header heading heading-2"
    >
      <strong>
        ID
      </strong>
      <strong>
        Customer
      </strong>
      <strong>
        Total
      </strong>
      <strong>
        Details
      </strong>
    </div>
    <div
      className="card text text-display notification-card"
    >
      Nothing to show
    </div>
  </div>
</div>
`;
