// Jest Snapshot v1, https://goo.gl/fbAQLP

exports[`renders correclty 1`] = `
<div
  className="products-container"
>
  <h1
    className="heading heading-1"
  >
    Products
  </h1>
  <div
    className="products-content"
  >
    <div
      className="products-header heading heading-2"
    >
      <strong>
        ID
      </strong>
      <strong>
        Description
      </strong>
      <strong>
        Category
      </strong>
      <strong>
        Price
      </strong>
      <strong>
        Add to order
      </strong>
    </div>
    <div
      className="card text text-display notification-card"
    >
      Nothing to show
    </div>
  </div>
</div>
`;
